// Jest Snapshot v1, https://goo.gl/fbAQLP

exports[`Notes Note 1`] = `
.c6 {
  font-family: Open Sans,Helvetica,arial,sans-serif;
  font-size: 13px;
  line-height: 22px;
  overflow: hidden;
  text-overflow: ellipsis;
  margin: 0;
  font-size: 13px;
  line-height: 22px;
}

.c3 {
  display: -webkit-inline-box;
  display: -webkit-inline-flex;
  display: -ms-inline-flexbox;
  display: inline-flex;
  -webkit-align-items: center;
  -webkit-box-align: center;
  -ms-flex-align: center;
  align-items: center;
  -webkit-box-pack: center;
  -webkit-justify-content: center;
  -ms-flex-pack: center;
  justify-content: center;
  pointer-events: none;
  overflow: hidden;
  vertical-align: middle;
  height: 24px;
  width: 24px;
}

.c3 > svg {
  fill: currentColor;
  height: 100%;
  width: auto;
}

.c2 {
  display: -webkit-box;
  display: -webkit-flex;
  display: -ms-flexbox;
  display: flex;
  -webkit-box-pack: start;
  -webkit-justify-content: flex-start;
  -ms-flex-pack: start;
  justify-content: flex-start;
  -webkit-align-items: center;
  -webkit-box-align: center;
  -ms-flex-align: center;
  align-items: center;
  color: rgb(82,82,82);
}

.c4 {
  -webkit-flex: none;
  -ms-flex: none;
  flex: none;
  -webkit-align-self: flex-start;
  -ms-flex-item-align: start;
  align-self: flex-start;
  color: rgb(122,122,122);
}

.c5 {
  margin-left: 8px;
}

.c8 {
  position: fixed;
  top: 0;
  width: 360px;
  border-radius: 4px;
  margin: 8px 16px;
  right: 0;
}

.c0 {
  color: rgb(41,41,41);
}

.c1 {
  position: absolute;
  z-index: 0;
}

.c7 {
  position: absolute;
  z-index: 1;
}

<div
  className="c0"
  id="practical-root"
>
  <div>
    <div
      className="c1"
      id="layer-1"
    >
      <div
        className="c2"
      >
        <span
          className="c3 c4"
          role="img"
          size="medium"
        >
          <svg
            height="1em"
            viewBox="0 0 24 24"
            width="1em"
            xmlns="http://www.w3.org/2000/svg"
          >
            <path
              d="M11 7h2v2h-2zm0 4h2v6h-2zm1-9C6.48 2 2 6.48 2 12s4.48 10 10 10 10-4.48 10-10S17.52 2 12 2zm0 18c-4.41 0-8-3.59-8-8s3.59-8 8-8 8 3.59 8 8-3.59 8-8 8z"
            />
          </svg>
        </span>
        <div
          className="c5"
        >
          <p
            className="c6"
          >
            test
          </p>
        </div>
      </div>
    </div>
  </div>
  <div>
    <div
      className="c7"
      id="layer-2"
    >
      <div
        className="c8"
      />
    </div>
  </div>
</div>
`;
