// Jest Snapshot v1, https://goo.gl/fbAQLP

exports[`SimpleTable SimpleTable 1`] = `
.c6 {
  font-family: Open Sans,Helvetica,arial,sans-serif;
  font-size: 13px;
  line-height: 22px;
  overflow: hidden;
  text-overflow: ellipsis;
  margin: 0;
  font-size: 12px;
  font-weight: 400;
  line-height: 17px;
  white-space: nowrap;
}

.c11 {
  font-family: Open Sans,Helvetica,arial,sans-serif;
  font-size: 13px;
  line-height: 22px;
  overflow: hidden;
  text-overflow: ellipsis;
  margin: 0;
  font-size: 13px;
  line-height: 22px;
}

.c14 {
  position: fixed;
  top: 0;
  width: 360px;
  border-radius: 4px;
  margin: 8px 16px;
  right: 0;
}

.c0 {
  color: rgb(41,41,41);
}

.c1 {
  position: absolute;
  z-index: 0;
}

.c13 {
  position: absolute;
  z-index: 1;
}

.c4 {
  height: 48px;
  text-align: left;
  display: table;
  table-layout: fixed;
  width: 100%;
}

.c5 {
  color: rgb(61,61,61);
  background: rgb(255,255,255);
  padding-right: 16px;
  text-align: left;
  font-weight: 400;
  -webkit-user-select: none;
  -moz-user-select: none;
  -ms-user-select: none;
  user-select: none;
}

.c5:first-child {
  padding-left: 24px;
}

.c9 {
  display: table;
  table-layout: fixed;
  width: 100%;
  height: 56px;
  text-align: left;
  -webkit-transition: box-shadow 200ms;
  transition: box-shadow 200ms;
  cursor: pointer;
}

.c9:nth-child(odd) {
  background-color: rgb(250,250,250);
}

.c9:nth-child(even) {
  background-color: rgb(255,255,255);
}

.c9:hover {
  box-shadow: 0 1px 4px 0 rgba(0,0,0,0.16);
  -webkit-transform: scale(1);
  -ms-transform: scale(1);
  transform: scale(1);
  z-index: 1;
}

.c12 {
  display: table;
  table-layout: fixed;
  width: 100%;
  height: 56px;
  text-align: left;
  -webkit-transition: box-shadow 200ms;
  transition: box-shadow 200ms;
  opacity: 0.48;
  pointer-events: none;
  cursor: unset;
}

.c12:nth-child(odd) {
  background-color: rgb(250,250,250);
}

.c12:nth-child(even) {
  background-color: rgb(255,255,255);
}

.c12:hover {
  box-shadow: 0 1px 4px 0 rgba(0,0,0,0.16);
  -webkit-transform: scale(1);
  -ms-transform: scale(1);
  transform: scale(1);
  z-index: 1;
}

.c10 {
  padding-right: 16px;
  white-space: nowrap;
  overflow: hidden;
  text-overflow: ellipsis;
}

.c10:first-child {
  padding-left: 24px;
}

.c2 {
  border-collapse: collapse;
  width: 100%;
  height: 100%;
  overflow-y: auto;
}

.c3 {
  display: table;
  table-layout: fixed;
  width: 100%;
  border-bottom: 1px solid rgb(230,230,230);
}

.c8 {
  display: block;
  width: 100%;
  max-height: 168px;
  overflow: auto;
  padding-bottom: 8px;
}

.c7 {
  text-transform: none;
}

<div
  className="c0"
  id="practical-root"
>
  <div>
    <div
      className="c1"
      id="layer-1"
    >
      <table
        className="c2 my-simple-table"
      >
        <thead
          className="c3"
        >
          <tr
            className="c4"
          >
            <th
              className="c5"
            >
              <p
                className="c6 c7"
              >
                Serial number
              </p>
            </th>
            <th
              className="c5"
            >
              <p
                className="c6 c7"
              >
                Name
              </p>
            </th>
            <th
              className="c5"
            >
              <p
                className="c6 c7"
              >
                IP address
              </p>
            </th>
          </tr>
        </thead>
        <tbody
          className="c8"
        >
          <tr
            className="c9 my-simple-table-row"
            disabled={false}
            onClick={[Function]}
          >
            <td
              className="c10"
            >
              <p
                className="c11"
              >
                FACEFACE0001
              </p>
            </td>
            <td
              className="c10"
            >
              <p
                className="c11"
              >
                a
              </p>
            </td>
            <td
              className="c10"
            >
              <p
                className="c11"
              >
                192.168.0.1
              </p>
            </td>
          </tr>
          <tr
            className="c9 my-simple-table-row"
            disabled={false}
            onClick={[Function]}
          >
            <td
              className="c10"
            >
              <p
                className="c11"
              >
                FACEFACE0002
              </p>
            </td>
            <td
              className="c10"
            >
              <p
                className="c11"
              >
                b
              </p>
            </td>
            <td
              className="c10"
            >
              <p
                className="c11"
              >
                192.168.0.2
              </p>
            </td>
          </tr>
          <tr
            className="c12 my-simple-table-row"
            disabled={true}
            onClick={[Function]}
          >
            <td
              className="c10"
            >
              <p
                className="c11"
              >
                FACEFACE0003
              </p>
            </td>
            <td
              className="c10"
            >
              <p
                className="c11"
              >
                c
              </p>
            </td>
            <td
              className="c10"
            >
              <p
                className="c11"
              >
                192.168.0.3
              </p>
            </td>
          </tr>
          <tr
            className="c9 my-simple-table-row"
            disabled={false}
            onClick={[Function]}
          >
            <td
              className="c10"
            >
              <p
                className="c11"
              >
                FACEFACE0004
              </p>
            </td>
            <td
              className="c10"
            >
              <p
                className="c11"
              >
                d
              </p>
            </td>
            <td
              className="c10"
            >
              <p
                className="c11"
              >
                192.168.0.4
              </p>
            </td>
          </tr>
          <tr
            className="c9 my-simple-table-row"
            disabled={false}
            onClick={[Function]}
          >
            <td
              className="c10"
            >
              <p
                className="c11"
              >
                FACEFACE0005
              </p>
            </td>
            <td
              className="c10"
            >
              <p
                className="c11"
              >
                e
              </p>
            </td>
            <td
              className="c10"
            >
              <p
                className="c11"
              >
                192.168.0.5
              </p>
            </td>
          </tr>
          <tr
            className="c9 my-simple-table-row"
            disabled={false}
            onClick={[Function]}
          >
            <td
              className="c10"
            >
              <p
                className="c11"
              >
                FACEFACE0006
              </p>
            </td>
            <td
              className="c10"
            >
              <p
                className="c11"
              >
                f
              </p>
            </td>
            <td
              className="c10"
            >
              <p
                className="c11"
              >
                192.168.0.6
              </p>
            </td>
          </tr>
          <tr
            className="c9 my-simple-table-row"
            disabled={false}
            onClick={[Function]}
          >
            <td
              className="c10"
            >
              <p
                className="c11"
              >
                FACEFACE0007
              </p>
            </td>
            <td
              className="c10"
            >
              <p
                className="c11"
              >
                g
              </p>
            </td>
            <td
              className="c10"
            >
              <p
                className="c11"
              >
                192.168.0.7
              </p>
            </td>
          </tr>
          <tr
            className="c9 my-simple-table-row"
            disabled={false}
            onClick={[Function]}
          >
            <td
              className="c10"
            >
              <p
                className="c11"
              >
                FACEFACE0008
              </p>
            </td>
            <td
              className="c10"
            >
              <p
                className="c11"
              >
                h
              </p>
            </td>
            <td
              className="c10"
            >
              <p
                className="c11"
              >
                192.168.0.8
              </p>
            </td>
          </tr>
          <tr
            className="c9 my-simple-table-row"
            disabled={false}
            onClick={[Function]}
          >
            <td
              className="c10"
            >
              <p
                className="c11"
              >
                FACEFACE0009
              </p>
            </td>
            <td
              className="c10"
            >
              <p
                className="c11"
              >
                i
              </p>
            </td>
            <td
              className="c10"
            >
              <p
                className="c11"
              >
                192.168.0.9
              </p>
            </td>
          </tr>
          <tr
            className="c9 my-simple-table-row"
            disabled={false}
            onClick={[Function]}
          >
            <td
              className="c10"
            >
              <p
                className="c11"
              >
                FACEFACE0010
              </p>
            </td>
            <td
              className="c10"
            >
              <p
                className="c11"
              >
                j
              </p>
            </td>
            <td
              className="c10"
            >
              <p
                className="c11"
              >
                192.168.0.10
              </p>
            </td>
          </tr>
          <tr
            className="c9 my-simple-table-row"
            disabled={false}
            onClick={[Function]}
          >
            <td
              className="c10"
            >
              <p
                className="c11"
              >
                FACEFACE0011
              </p>
            </td>
            <td
              className="c10"
            >
              <p
                className="c11"
              >
                k
              </p>
            </td>
            <td
              className="c10"
            >
              <p
                className="c11"
              >
                192.168.0.11
              </p>
            </td>
          </tr>
          <tr
            className="c9 my-simple-table-row"
            disabled={false}
            onClick={[Function]}
          >
            <td
              className="c10"
            >
              <p
                className="c11"
              >
                FACEFACE0012
              </p>
            </td>
            <td
              className="c10"
            >
              <p
                className="c11"
              >
                l
              </p>
            </td>
            <td
              className="c10"
            >
              <p
                className="c11"
              >
                192.168.0.12
              </p>
            </td>
          </tr>
        </tbody>
      </table>
    </div>
  </div>
  <div>
    <div
      className="c13"
      id="layer-2"
    >
      <div
        className="c14"
      />
    </div>
  </div>
</div>
`;
