// Jest Snapshot v1, https://goo.gl/fbAQLP

exports[`DraggableList DraggableList 1`] = `
.c6 {
  height: 1px;
  background-color: rgb(230,230,230);
}

.c5 {
  display: -webkit-inline-box;
  display: -webkit-inline-flex;
  display: -ms-inline-flexbox;
  display: inline-flex;
  -webkit-align-items: center;
  -webkit-box-align: center;
  -ms-flex-align: center;
  align-items: center;
  -webkit-box-pack: center;
  -webkit-justify-content: center;
  -ms-flex-pack: center;
  justify-content: center;
  pointer-events: none;
  overflow: hidden;
  vertical-align: middle;
  height: 24px;
  width: 24px;
}

.c5 > svg {
  fill: currentColor;
  height: 100%;
  width: auto;
}

.c2 {
  display: -webkit-box;
  display: -webkit-flex;
  display: -ms-flexbox;
  display: flex;
  -webkit-align-items: center;
  -webkit-box-align: center;
  -ms-flex-align: center;
  align-items: center;
  -webkit-box-pack: justify;
  -webkit-justify-content: space-between;
  -ms-flex-pack: justify;
  justify-content: space-between;
  width: 100%;
  height: 48px;
}

.c4 {
  color: rgb(102,102,102);
  cursor: move;
}

.c3 {
  display: -webkit-box;
  display: -webkit-flex;
  display: -ms-flexbox;
  display: flex;
  height: 100%;
  -webkit-box-flex: 1;
  -webkit-flex-grow: 1;
  -ms-flex-positive: 1;
  flex-grow: 1;
  -webkit-align-items: center;
  -webkit-box-align: center;
  -ms-flex-align: center;
  align-items: center;
}

.c8 {
  position: fixed;
  top: 0;
  width: 360px;
  border-radius: 4px;
  margin: 8px 16px;
  right: 0;
}

.c0 {
  color: rgb(41,41,41);
}

.c1 {
  position: absolute;
  z-index: 0;
}

.c7 {
  position: absolute;
  z-index: 1;
}

<div
  className="c0"
  id="practical-root"
>
  <div>
    <div
      className="c1"
      id="layer-1"
    >
      <div>
        <div>
          <div
            className="c2"
            data-index={0}
            onDragEnd={[Function]}
            onDragOver={[Function]}
            onDragStart={[Function]}
            style={
              Object {
                "opacity": undefined,
              }
            }
          >
            <div
              className="c3"
              disabled={false}
            >
              <p>
                1
              </p>
            </div>
            <div
              className="c4"
              onMouseDown={[Function]}
              onMouseUp={[Function]}
            >
              <span
                className="c5"
                role="img"
                size="medium"
              >
                <svg
                  height="1em"
                  viewBox="0 0 24 24"
                  width="1em"
                >
                  <path
                    d="m20 9h-16v2h16v-2zm-16 6h16v-2h-16v2z"
                  />
                </svg>
              </span>
            </div>
          </div>
          <div
            className="c6"
          />
        </div>
        <div>
          <div
            className="c2"
            data-index={1}
            onDragEnd={[Function]}
            onDragOver={[Function]}
            onDragStart={[Function]}
            style={
              Object {
                "opacity": undefined,
              }
            }
          >
            <div
              className="c3"
              disabled={false}
            >
              <p>
                2
              </p>
            </div>
            <div
              className="c4"
              onMouseDown={[Function]}
              onMouseUp={[Function]}
            >
              <span
                className="c5"
                role="img"
                size="medium"
              >
                <svg
                  height="1em"
                  viewBox="0 0 24 24"
                  width="1em"
                >
                  <path
                    d="m20 9h-16v2h16v-2zm-16 6h16v-2h-16v2z"
                  />
                </svg>
              </span>
            </div>
          </div>
          <div
            className="c6"
          />
        </div>
        <div>
          <div
            className="c2"
            data-index={2}
            onDragEnd={[Function]}
            onDragOver={[Function]}
            onDragStart={[Function]}
            style={
              Object {
                "opacity": undefined,
              }
            }
          >
            <div
              className="c3"
              disabled={false}
            >
              <p>
                3
              </p>
            </div>
            <div
              className="c4"
              onMouseDown={[Function]}
              onMouseUp={[Function]}
            >
              <span
                className="c5"
                role="img"
                size="medium"
              >
                <svg
                  height="1em"
                  viewBox="0 0 24 24"
                  width="1em"
                >
                  <path
                    d="m20 9h-16v2h16v-2zm-16 6h16v-2h-16v2z"
                  />
                </svg>
              </span>
            </div>
          </div>
          <div
            className="c6"
          />
        </div>
        <div>
          <div
            className="c2"
            data-index={3}
            onDragEnd={[Function]}
            onDragStart={[Function]}
            style={
              Object {
                "opacity": undefined,
              }
            }
          >
            <div
              className="c3"
              disabled={true}
            >
              <p>
                4
              </p>
            </div>
          </div>
          <div
            className="c6"
          />
        </div>
        <div>
          <div
            className="c2"
            data-index={4}
            onDragEnd={[Function]}
            onDragOver={[Function]}
            onDragStart={[Function]}
            style={
              Object {
                "opacity": undefined,
              }
            }
          >
            <div
              className="c3"
              disabled={false}
            >
              <p>
                5
              </p>
            </div>
            <div
              className="c4"
              onMouseDown={[Function]}
              onMouseUp={[Function]}
            >
              <span
                className="c5"
                role="img"
                size="medium"
              >
                <svg
                  height="1em"
                  viewBox="0 0 24 24"
                  width="1em"
                >
                  <path
                    d="m20 9h-16v2h16v-2zm-16 6h16v-2h-16v2z"
                  />
                </svg>
              </span>
            </div>
          </div>
          <div
            className="c6"
          />
        </div>
      </div>
    </div>
  </div>
  <div>
    <div
      className="c7"
      id="layer-2"
    >
      <div
        className="c8"
      />
    </div>
  </div>
</div>
`;
